Archive member included to satisfy reference by file (symbol)

/usr/lib/gcc/avr/4.9.2/avr5/libgcc.a(_exit.o)
                              /usr/lib/gcc/avr/4.9.2/../../../avr/lib/avr5/crtatmega168pb.o (exit)
/usr/lib/gcc/avr/4.9.2/avr5/libgcc.a(_copy_data.o)
                              /tmp/ccCPuToF.o (__do_copy_data)
/usr/lib/gcc/avr/4.9.2/avr5/libgcc.a(_clear_bss.o)
                              /tmp/ccCPuToF.o (__do_clear_bss)

Allocating common symbols
Common symbol       size              file

voiceptr            0x2               /tmp/ccCPuToF.o
speed               0x1               /tmp/ccCPuToF.o

Memory Configuration

Name             Origin             Length             Attributes
text             0x0000000000000000 0x0000000000020000 xr
data             0x0000000000800060 0x000000000000ffa0 rw !x
eeprom           0x0000000000810000 0x0000000000010000 rw !x
fuse             0x0000000000820000 0x0000000000000400 rw !x
lock             0x0000000000830000 0x0000000000000400 rw !x
signature        0x0000000000840000 0x0000000000000400 rw !x
user_signatures  0x0000000000850000 0x0000000000000400 rw !x
*default*        0x0000000000000000 0xffffffffffffffff

Linker script and memory map

Address of section .data set to 0x800100
LOAD /usr/lib/gcc/avr/4.9.2/../../../avr/lib/avr5/crtatmega168pb.o
LOAD /tmp/ccdCqtZJ.o
LOAD /tmp/ccCPuToF.o
START GROUP
LOAD /usr/lib/gcc/avr/4.9.2/avr5/libgcc.a
LOAD /usr/lib/gcc/avr/4.9.2/../../../avr/lib/avr5/libm.a
LOAD /usr/lib/gcc/avr/4.9.2/../../../avr/lib/avr5/libc.a
LOAD /usr/lib/gcc/avr/4.9.2/../../../avr/lib/avr5/libatmega168pb.a
END GROUP

.hash
 *(.hash)

.dynsym
 *(.dynsym)

.dynstr
 *(.dynstr)

.gnu.version
 *(.gnu.version)

.gnu.version_d
 *(.gnu.version_d)

.gnu.version_r
 *(.gnu.version_r)

.rel.init
 *(.rel.init)

.rela.init
 *(.rela.init)

.rel.text
 *(.rel.text)
 *(.rel.text.*)
 *(.rel.gnu.linkonce.t*)

.rela.text
 *(.rela.text)
 *(.rela.text.*)
 *(.rela.gnu.linkonce.t*)

.rel.fini
 *(.rel.fini)

.rela.fini
 *(.rela.fini)

.rel.rodata
 *(.rel.rodata)
 *(.rel.rodata.*)
 *(.rel.gnu.linkonce.r*)

.rela.rodata
 *(.rela.rodata)
 *(.rela.rodata.*)
 *(.rela.gnu.linkonce.r*)

.rel.data
 *(.rel.data)
 *(.rel.data.*)
 *(.rel.gnu.linkonce.d*)

.rela.data
 *(.rela.data)
 *(.rela.data.*)
 *(.rela.gnu.linkonce.d*)

.rel.ctors
 *(.rel.ctors)

.rela.ctors
 *(.rela.ctors)

.rel.dtors
 *(.rel.dtors)

.rela.dtors
 *(.rela.dtors)

.rel.got
 *(.rel.got)

.rela.got
 *(.rela.got)

.rel.bss
 *(.rel.bss)

.rela.bss
 *(.rela.bss)

.rel.plt
 *(.rel.plt)

.rela.plt
 *(.rela.plt)

.text           0x0000000000000000      0x256
 *(.vectors)
 .vectors       0x0000000000000000       0x6c /usr/lib/gcc/avr/4.9.2/../../../avr/lib/avr5/crtatmega168pb.o
                0x0000000000000000                __vectors
                0x0000000000000000                __vector_default
 *(.vectors)
 *(.progmem.gcc*)
                0x000000000000006c                . = ALIGN (0x2)
                0x000000000000006c                __trampolines_start = .
 *(.trampolines)
 .trampolines   0x000000000000006c        0x0 linker stubs
 *(.trampolines*)
                0x000000000000006c                __trampolines_end = .
 *(.progmem*)
                0x000000000000006c                . = ALIGN (0x2)
 *(.jumptables)
 *(.jumptables*)
 *(.lowtext)
 *(.lowtext*)
                0x000000000000006c                __ctors_start = .
 *(.ctors)
                0x000000000000006c                __ctors_end = .
                0x000000000000006c                __dtors_start = .
 *(.dtors)
                0x000000000000006c                __dtors_end = .
 SORT(*)(.ctors)
 SORT(*)(.dtors)
 *(.init0)
 .init0         0x000000000000006c        0x0 /usr/lib/gcc/avr/4.9.2/../../../avr/lib/avr5/crtatmega168pb.o
                0x000000000000006c                __init
 *(.init0)
 *(.init1)
 *(.init1)
 *(.init2)
 .init2         0x000000000000006c        0xc /usr/lib/gcc/avr/4.9.2/../../../avr/lib/avr5/crtatmega168pb.o
 *(.init2)
 *(.init3)
 *(.init3)
 *(.init4)
 .init4         0x0000000000000078       0x16 /usr/lib/gcc/avr/4.9.2/avr5/libgcc.a(_copy_data.o)
                0x0000000000000078                __do_copy_data
 .init4         0x000000000000008e       0x10 /usr/lib/gcc/avr/4.9.2/avr5/libgcc.a(_clear_bss.o)
                0x000000000000008e                __do_clear_bss
 *(.init4)
 *(.init5)
 *(.init5)
 *(.init6)
 *(.init6)
 *(.init7)
 *(.init7)
 *(.init8)
 *(.init8)
 *(.init9)
 .init9         0x000000000000009e        0x8 /usr/lib/gcc/avr/4.9.2/../../../avr/lib/avr5/crtatmega168pb.o
 *(.init9)
 *(.text)
 .text          0x00000000000000a6        0x4 /usr/lib/gcc/avr/4.9.2/../../../avr/lib/avr5/crtatmega168pb.o
                0x00000000000000a6                __vector_22
                0x00000000000000a6                __vector_1
                0x00000000000000a6                __vector_24
                0x00000000000000a6                __vector_12
                0x00000000000000a6                __bad_interrupt
                0x00000000000000a6                __vector_6
                0x00000000000000a6                __vector_3
                0x00000000000000a6                __vector_23
                0x00000000000000a6                __vector_25
                0x00000000000000a6                __vector_11
                0x00000000000000a6                __vector_13
                0x00000000000000a6                __vector_17
                0x00000000000000a6                __vector_19
                0x00000000000000a6                __vector_7
                0x00000000000000a6                __vector_5
                0x00000000000000a6                __vector_4
                0x00000000000000a6                __vector_9
                0x00000000000000a6                __vector_2
                0x00000000000000a6                __vector_21
                0x00000000000000a6                __vector_15
                0x00000000000000a6                __vector_8
                0x00000000000000a6                __vector_26
                0x00000000000000a6                __vector_10
                0x00000000000000a6                __vector_18
                0x00000000000000a6                __vector_20
 .text          0x00000000000000aa        0x0 /tmp/ccdCqtZJ.o
 .text          0x00000000000000aa       0xf6 /tmp/ccCPuToF.o
                0x00000000000000aa                GetRandom
                0x00000000000000d8                __vector_14
                0x00000000000000e2                __vector_16
                0x0000000000000156                voiceDoBasicSynth
 .text          0x00000000000001a0        0x0 /usr/lib/gcc/avr/4.9.2/avr5/libgcc.a(_exit.o)
 .text          0x00000000000001a0        0x0 /usr/lib/gcc/avr/4.9.2/avr5/libgcc.a(_copy_data.o)
 .text          0x00000000000001a0        0x0 /usr/lib/gcc/avr/4.9.2/avr5/libgcc.a(_clear_bss.o)
                0x00000000000001a0                . = ALIGN (0x2)
 *(.text.*)
 .text.startup  0x00000000000001a0       0xb2 /tmp/ccdCqtZJ.o
                0x00000000000001a0                main
 .text.libgcc.mul
                0x0000000000000252        0x0 /usr/lib/gcc/avr/4.9.2/avr5/libgcc.a(_exit.o)
 .text.libgcc.div
                0x0000000000000252        0x0 /usr/lib/gcc/avr/4.9.2/avr5/libgcc.a(_exit.o)
 .text.libgcc   0x0000000000000252        0x0 /usr/lib/gcc/avr/4.9.2/avr5/libgcc.a(_exit.o)
 .text.libgcc.prologue
                0x0000000000000252        0x0 /usr/lib/gcc/avr/4.9.2/avr5/libgcc.a(_exit.o)
 .text.libgcc.builtins
                0x0000000000000252        0x0 /usr/lib/gcc/avr/4.9.2/avr5/libgcc.a(_exit.o)
 .text.libgcc.fmul
                0x0000000000000252        0x0 /usr/lib/gcc/avr/4.9.2/avr5/libgcc.a(_exit.o)
 .text.libgcc.fixed
                0x0000000000000252        0x0 /usr/lib/gcc/avr/4.9.2/avr5/libgcc.a(_exit.o)
 .text.libgcc.mul
                0x0000000000000252        0x0 /usr/lib/gcc/avr/4.9.2/avr5/libgcc.a(_copy_data.o)
 .text.libgcc.div
                0x0000000000000252        0x0 /usr/lib/gcc/avr/4.9.2/avr5/libgcc.a(_copy_data.o)
 .text.libgcc   0x0000000000000252        0x0 /usr/lib/gcc/avr/4.9.2/avr5/libgcc.a(_copy_data.o)
 .text.libgcc.prologue
                0x0000000000000252        0x0 /usr/lib/gcc/avr/4.9.2/avr5/libgcc.a(_copy_data.o)
 .text.libgcc.builtins
                0x0000000000000252        0x0 /usr/lib/gcc/avr/4.9.2/avr5/libgcc.a(_copy_data.o)
 .text.libgcc.fmul
                0x0000000000000252        0x0 /usr/lib/gcc/avr/4.9.2/avr5/libgcc.a(_copy_data.o)
 .text.libgcc.fixed
                0x0000000000000252        0x0 /usr/lib/gcc/avr/4.9.2/avr5/libgcc.a(_copy_data.o)
 .text.libgcc.mul
                0x0000000000000252        0x0 /usr/lib/gcc/avr/4.9.2/avr5/libgcc.a(_clear_bss.o)
 .text.libgcc.div
                0x0000000000000252        0x0 /usr/lib/gcc/avr/4.9.2/avr5/libgcc.a(_clear_bss.o)
 .text.libgcc   0x0000000000000252        0x0 /usr/lib/gcc/avr/4.9.2/avr5/libgcc.a(_clear_bss.o)
 .text.libgcc.prologue
                0x0000000000000252        0x0 /usr/lib/gcc/avr/4.9.2/avr5/libgcc.a(_clear_bss.o)
 .text.libgcc.builtins
                0x0000000000000252        0x0 /usr/lib/gcc/avr/4.9.2/avr5/libgcc.a(_clear_bss.o)
 .text.libgcc.fmul
                0x0000000000000252        0x0 /usr/lib/gcc/avr/4.9.2/avr5/libgcc.a(_clear_bss.o)
 .text.libgcc.fixed
                0x0000000000000252        0x0 /usr/lib/gcc/avr/4.9.2/avr5/libgcc.a(_clear_bss.o)
                0x0000000000000252                . = ALIGN (0x2)
 *(.fini9)
 .fini9         0x0000000000000252        0x0 /usr/lib/gcc/avr/4.9.2/avr5/libgcc.a(_exit.o)
                0x0000000000000252                exit
                0x0000000000000252                _exit
 *(.fini9)
 *(.fini8)
 *(.fini8)
 *(.fini7)
 *(.fini7)
 *(.fini6)
 *(.fini6)
 *(.fini5)
 *(.fini5)
 *(.fini4)
 *(.fini4)
 *(.fini3)
 *(.fini3)
 *(.fini2)
 *(.fini2)
 *(.fini1)
 *(.fini1)
 *(.fini0)
 .fini0         0x0000000000000252        0x4 /usr/lib/gcc/avr/4.9.2/avr5/libgcc.a(_exit.o)
 *(.fini0)
                0x0000000000000256                _etext = .

.data           0x0000000000800100        0x2 load address 0x0000000000000256
                0x0000000000800100                PROVIDE (__data_start, .)
 *(.data)
 .data          0x0000000000800100        0x0 /usr/lib/gcc/avr/4.9.2/../../../avr/lib/avr5/crtatmega168pb.o
 .data          0x0000000000800100        0x0 /tmp/ccdCqtZJ.o
 .data          0x0000000000800100        0x1 /tmp/ccCPuToF.o
                0x0000000000800100                lfsr
 .data          0x0000000000800101        0x0 /usr/lib/gcc/avr/4.9.2/avr5/libgcc.a(_exit.o)
 .data          0x0000000000800101        0x0 /usr/lib/gcc/avr/4.9.2/avr5/libgcc.a(_copy_data.o)
 .data          0x0000000000800101        0x0 /usr/lib/gcc/avr/4.9.2/avr5/libgcc.a(_clear_bss.o)
 *(.data*)
 *(.rodata)
 *(.rodata*)
 *(.gnu.linkonce.d*)
                0x0000000000800102                . = ALIGN (0x2)
 *fill*         0x0000000000800101        0x1 
                0x0000000000800102                _edata = .
                0x0000000000800102                PROVIDE (__data_end, .)

.bss            0x0000000000800102        0x4
                0x0000000000800102                PROVIDE (__bss_start, .)
 *(.bss)
 .bss           0x0000000000800102        0x0 /usr/lib/gcc/avr/4.9.2/../../../avr/lib/avr5/crtatmega168pb.o
 .bss           0x0000000000800102        0x0 /tmp/ccdCqtZJ.o
 .bss           0x0000000000800102        0x1 /tmp/ccCPuToF.o
 .bss           0x0000000000800103        0x0 /usr/lib/gcc/avr/4.9.2/avr5/libgcc.a(_exit.o)
 .bss           0x0000000000800103        0x0 /usr/lib/gcc/avr/4.9.2/avr5/libgcc.a(_copy_data.o)
 .bss           0x0000000000800103        0x0 /usr/lib/gcc/avr/4.9.2/avr5/libgcc.a(_clear_bss.o)
 *(.bss*)
 *(COMMON)
 COMMON         0x0000000000800103        0x3 /tmp/ccCPuToF.o
                0x0000000000800103                voiceptr
                0x0000000000800105                speed
                0x0000000000800106                PROVIDE (__bss_end, .)
                0x0000000000000256                __data_load_start = LOADADDR (.data)
                0x0000000000000258                __data_load_end = (__data_load_start + SIZEOF (.data))

.noinit         0x0000000000800106        0x0
                0x0000000000800106                PROVIDE (__noinit_start, .)
 *(.noinit*)
                0x0000000000800106                PROVIDE (__noinit_end, .)
                0x0000000000800106                _end = .
                0x0000000000800106                PROVIDE (__heap_start, .)

.eeprom         0x0000000000810000        0x0
 *(.eeprom*)
                0x0000000000810000                __eeprom_end = .

.fuse
 *(.fuse)
 *(.lfuse)
 *(.hfuse)
 *(.efuse)

.lock
 *(.lock*)

.signature
 *(.signature*)

.user_signatures
 *(.user_signatures*)

.stab
 *(.stab)

.stabstr
 *(.stabstr)

.stab.excl
 *(.stab.excl)

.stab.exclstr
 *(.stab.exclstr)

.stab.index
 *(.stab.index)

.stab.indexstr
 *(.stab.indexstr)

.comment        0x0000000000000000       0x11
 *(.comment)
 .comment       0x0000000000000000       0x11 /tmp/ccdCqtZJ.o
                                         0x12 (size before relaxing)
 .comment       0x0000000000000011       0x12 /tmp/ccCPuToF.o

.note.gnu.avr.deviceinfo
                0x0000000000000000       0x40
 .note.gnu.avr.deviceinfo
                0x0000000000000000       0x40 /usr/lib/gcc/avr/4.9.2/../../../avr/lib/avr5/crtatmega168pb.o

.note.gnu.build-id
 *(.note.gnu.build-id)

.debug
 *(.debug)

.line
 *(.line)

.debug_srcinfo
 *(.debug_srcinfo)

.debug_sfnames
 *(.debug_sfnames)

.debug_aranges
 *(.debug_aranges)

.debug_pubnames
 *(.debug_pubnames)

.debug_info
 *(.debug_info .gnu.linkonce.wi.*)

.debug_abbrev
 *(.debug_abbrev)

.debug_line
 *(.debug_line .debug_line.* .debug_line_end)

.debug_frame
 *(.debug_frame)

.debug_str
 *(.debug_str)

.debug_loc
 *(.debug_loc)

.debug_macinfo
 *(.debug_macinfo)

.debug_weaknames
 *(.debug_weaknames)

.debug_funcnames
 *(.debug_funcnames)

.debug_typenames
 *(.debug_typenames)

.debug_varnames
 *(.debug_varnames)

.debug_pubtypes
 *(.debug_pubtypes)

.debug_ranges
 *(.debug_ranges)

.debug_macro
 *(.debug_macro)
OUTPUT(program.elf elf32-avr)
LOAD linker stubs
