Archive member included to satisfy reference by file (symbol)

/usr/lib/gcc/avr/6.3.0/avr5/libgcc.a(_exit.o)
                              /usr/lib/gcc/avr/6.3.0/../../../../avr/lib/avr5/crtatmega168pb.o (exit)
/usr/lib/gcc/avr/6.3.0/avr5/libgcc.a(_copy_data.o)
                              /tmp/ccrahNei.o (__do_copy_data)
/usr/lib/gcc/avr/6.3.0/avr5/libgcc.a(_clear_bss.o)
                              /tmp/cctW0gnZ.o (__do_clear_bss)

Allocating common symbols
Common symbol       size              file

voiceptr            0x2               /tmp/ccrahNei.o
fade_out            0x2               /tmp/cctW0gnZ.o
speed_rec           0x1               /tmp/ccrahNei.o
fade_in             0x2               /tmp/ccrahNei.o
volume              0x1               /tmp/ccrahNei.o
wave                0x1               /tmp/ccrahNei.o
mode_button         0x1               /tmp/cctW0gnZ.o
frametimer          0x2               /tmp/ccrahNei.o
speed_rec1          0x1               /tmp/cctW0gnZ.o
fade_out_mode       0x1               /tmp/cctW0gnZ.o
mode                0x1               /tmp/cctW0gnZ.o
fade_in_mode        0x1               /tmp/ccrahNei.o
speed               0x1               /tmp/ccrahNei.o
volume1             0x1               /tmp/ccrahNei.o
speed1              0x1               /tmp/cctW0gnZ.o

Memory Configuration

Name             Origin             Length             Attributes
text             0x0000000000000000 0x0000000000020000 xr
data             0x0000000000800060 0x000000000000ffa0 rw !x
eeprom           0x0000000000810000 0x0000000000010000 rw !x
fuse             0x0000000000820000 0x0000000000000003 rw !x
lock             0x0000000000830000 0x0000000000000400 rw !x
signature        0x0000000000840000 0x0000000000000400 rw !x
user_signatures  0x0000000000850000 0x0000000000000400 rw !x
*default*        0x0000000000000000 0xffffffffffffffff

Linker script and memory map

Address of section .data set to 0x800100
LOAD /usr/lib/gcc/avr/6.3.0/../../../../avr/lib/avr5/crtatmega168pb.o
LOAD /tmp/cctW0gnZ.o
LOAD /tmp/ccrahNei.o
START GROUP
LOAD /usr/lib/gcc/avr/6.3.0/avr5/libgcc.a
LOAD /usr/lib/gcc/avr/6.3.0/../../../../avr/lib/avr5/libm.a
LOAD /usr/lib/gcc/avr/6.3.0/../../../../avr/lib/avr5/libc.a
LOAD /usr/lib/gcc/avr/6.3.0/../../../../avr/lib/avr5/libatmega168pb.a
END GROUP
                0x0000000000020000                __TEXT_REGION_LENGTH__ = DEFINED (__TEXT_REGION_LENGTH__)?__TEXT_REGION_LENGTH__:0x20000
                0x000000000000ffa0                __DATA_REGION_LENGTH__ = DEFINED (__DATA_REGION_LENGTH__)?__DATA_REGION_LENGTH__:0xffa0
                0x0000000000010000                __EEPROM_REGION_LENGTH__ = DEFINED (__EEPROM_REGION_LENGTH__)?__EEPROM_REGION_LENGTH__:0x10000
                [0x0000000000000003]                __FUSE_REGION_LENGTH__ = DEFINED (__FUSE_REGION_LENGTH__)?__FUSE_REGION_LENGTH__:0x400
                0x0000000000000400                __LOCK_REGION_LENGTH__ = DEFINED (__LOCK_REGION_LENGTH__)?__LOCK_REGION_LENGTH__:0x400
                0x0000000000000400                __SIGNATURE_REGION_LENGTH__ = DEFINED (__SIGNATURE_REGION_LENGTH__)?__SIGNATURE_REGION_LENGTH__:0x400
                0x0000000000000400                __USER_SIGNATURE_REGION_LENGTH__ = DEFINED (__USER_SIGNATURE_REGION_LENGTH__)?__USER_SIGNATURE_REGION_LENGTH__:0x400

.hash
 *(.hash)

.dynsym
 *(.dynsym)

.dynstr
 *(.dynstr)

.gnu.version
 *(.gnu.version)

.gnu.version_d
 *(.gnu.version_d)

.gnu.version_r
 *(.gnu.version_r)

.rel.init
 *(.rel.init)

.rela.init
 *(.rela.init)

.rel.text
 *(.rel.text)
 *(.rel.text.*)
 *(.rel.gnu.linkonce.t*)

.rela.text
 *(.rela.text)
 *(.rela.text.*)
 *(.rela.gnu.linkonce.t*)

.rel.fini
 *(.rel.fini)

.rela.fini
 *(.rela.fini)

.rel.rodata
 *(.rel.rodata)
 *(.rel.rodata.*)
 *(.rel.gnu.linkonce.r*)

.rela.rodata
 *(.rela.rodata)
 *(.rela.rodata.*)
 *(.rela.gnu.linkonce.r*)

.rel.data
 *(.rel.data)
 *(.rel.data.*)
 *(.rel.gnu.linkonce.d*)

.rela.data
 *(.rela.data)
 *(.rela.data.*)
 *(.rela.gnu.linkonce.d*)

.rel.ctors
 *(.rel.ctors)

.rela.ctors
 *(.rela.ctors)

.rel.dtors
 *(.rel.dtors)

.rela.dtors
 *(.rela.dtors)

.rel.got
 *(.rel.got)

.rela.got
 *(.rela.got)

.rel.bss
 *(.rel.bss)

.rela.bss
 *(.rela.bss)

.rel.plt
 *(.rel.plt)

.rela.plt
 *(.rela.plt)

.text           0x0000000000000000     0x1edc
 *(.vectors)
 .vectors       0x0000000000000000       0x6c /usr/lib/gcc/avr/6.3.0/../../../../avr/lib/avr5/crtatmega168pb.o
                0x0000000000000000                __vectors
                0x0000000000000000                __vector_default
 *(.vectors)
 *(.progmem.gcc*)
                0x000000000000006c                . = ALIGN (0x2)
                0x000000000000006c                __trampolines_start = .
 *(.trampolines)
 .trampolines   0x000000000000006c        0x0 linker stubs
 *(.trampolines*)
                0x000000000000006c                __trampolines_end = .
 *libprintf_flt.a:*(.progmem.data)
 *libc.a:*(.progmem.data)
 *(.progmem*)
 .progmem.data  0x000000000000006c     0x1821 /tmp/ccrahNei.o
                0x000000000000006c                auddat
                0x000000000000188e                . = ALIGN (0x2)
 *fill*         0x000000000000188d        0x1 
 *(.jumptables)
 *(.jumptables*)
 *(.lowtext)
 *(.lowtext*)
                0x000000000000188e                __ctors_start = .
 *(.ctors)
                0x000000000000188e                __ctors_end = .
                0x000000000000188e                __dtors_start = .
 *(.dtors)
                0x000000000000188e                __dtors_end = .
 SORT(*)(.ctors)
 SORT(*)(.dtors)
 *(.init0)
 .init0         0x000000000000188e        0x0 /usr/lib/gcc/avr/6.3.0/../../../../avr/lib/avr5/crtatmega168pb.o
                0x000000000000188e                __init
 *(.init0)
 *(.init1)
 *(.init1)
 *(.init2)
 .init2         0x000000000000188e        0xc /usr/lib/gcc/avr/6.3.0/../../../../avr/lib/avr5/crtatmega168pb.o
 *(.init2)
 *(.init3)
 *(.init3)
 *(.init4)
 .init4         0x000000000000189a       0x16 /usr/lib/gcc/avr/6.3.0/avr5/libgcc.a(_copy_data.o)
                0x000000000000189a                __do_copy_data
 .init4         0x00000000000018b0       0x10 /usr/lib/gcc/avr/6.3.0/avr5/libgcc.a(_clear_bss.o)
                0x00000000000018b0                __do_clear_bss
 *(.init4)
 *(.init5)
 *(.init5)
 *(.init6)
 *(.init6)
 *(.init7)
 *(.init7)
 *(.init8)
 *(.init8)
 *(.init9)
 .init9         0x00000000000018c0        0x8 /usr/lib/gcc/avr/6.3.0/../../../../avr/lib/avr5/crtatmega168pb.o
 *(.init9)
 *(.text)
 .text          0x00000000000018c8        0x4 /usr/lib/gcc/avr/6.3.0/../../../../avr/lib/avr5/crtatmega168pb.o
                0x00000000000018c8                __vector_22
                0x00000000000018c8                __vector_1
                0x00000000000018c8                __vector_24
                0x00000000000018c8                __vector_12
                0x00000000000018c8                __bad_interrupt
                0x00000000000018c8                __vector_6
                0x00000000000018c8                __vector_3
                0x00000000000018c8                __vector_23
                0x00000000000018c8                __vector_25
                0x00000000000018c8                __vector_11
                0x00000000000018c8                __vector_13
                0x00000000000018c8                __vector_17
                0x00000000000018c8                __vector_19
                0x00000000000018c8                __vector_7
                0x00000000000018c8                __vector_5
                0x00000000000018c8                __vector_4
                0x00000000000018c8                __vector_9
                0x00000000000018c8                __vector_2
                0x00000000000018c8                __vector_21
                0x00000000000018c8                __vector_15
                0x00000000000018c8                __vector_8
                0x00000000000018c8                __vector_26
                0x00000000000018c8                __vector_10
                0x00000000000018c8                __vector_18
                0x00000000000018c8                __vector_20
 .text          0x00000000000018cc        0x0 /tmp/cctW0gnZ.o
 .text          0x00000000000018cc      0x3cc /tmp/ccrahNei.o
                0x00000000000018cc                voiceQuicklySleep
                0x00000000000018d0                GetFrametimer
                0x00000000000018de                GetRandom
                0x000000000000192c                __vector_14
                0x000000000000192e                __vector_16
                0x00000000000019e4                voicePlayWave
                0x0000000000001a28                voiceDoBasicSynth
                0x0000000000001b8a                voiceTunedNoise
                0x0000000000001bb8                voiceDrums
                0x0000000000001c26                voiceNoise
                0x0000000000001c54                ReadButtonMask
 .text          0x0000000000001c98        0x0 /usr/lib/gcc/avr/6.3.0/avr5/libgcc.a(_exit.o)
 .text          0x0000000000001c98        0x0 /usr/lib/gcc/avr/6.3.0/avr5/libgcc.a(_copy_data.o)
 .text          0x0000000000001c98        0x0 /usr/lib/gcc/avr/6.3.0/avr5/libgcc.a(_clear_bss.o)
                0x0000000000001c98                . = ALIGN (0x2)
 *(.text.*)
 .text.startup  0x0000000000001c98      0x240 /tmp/cctW0gnZ.o
                0x0000000000001c98                main
 .text.libgcc.mul
                0x0000000000001ed8        0x0 /usr/lib/gcc/avr/6.3.0/avr5/libgcc.a(_exit.o)
 .text.libgcc.div
                0x0000000000001ed8        0x0 /usr/lib/gcc/avr/6.3.0/avr5/libgcc.a(_exit.o)
 .text.libgcc   0x0000000000001ed8        0x0 /usr/lib/gcc/avr/6.3.0/avr5/libgcc.a(_exit.o)
 .text.libgcc.prologue
                0x0000000000001ed8        0x0 /usr/lib/gcc/avr/6.3.0/avr5/libgcc.a(_exit.o)
 .text.libgcc.builtins
                0x0000000000001ed8        0x0 /usr/lib/gcc/avr/6.3.0/avr5/libgcc.a(_exit.o)
 .text.libgcc.fmul
                0x0000000000001ed8        0x0 /usr/lib/gcc/avr/6.3.0/avr5/libgcc.a(_exit.o)
 .text.libgcc.fixed
                0x0000000000001ed8        0x0 /usr/lib/gcc/avr/6.3.0/avr5/libgcc.a(_exit.o)
 .text.libgcc.mul
                0x0000000000001ed8        0x0 /usr/lib/gcc/avr/6.3.0/avr5/libgcc.a(_copy_data.o)
 .text.libgcc.div
                0x0000000000001ed8        0x0 /usr/lib/gcc/avr/6.3.0/avr5/libgcc.a(_copy_data.o)
 .text.libgcc   0x0000000000001ed8        0x0 /usr/lib/gcc/avr/6.3.0/avr5/libgcc.a(_copy_data.o)
 .text.libgcc.prologue
                0x0000000000001ed8        0x0 /usr/lib/gcc/avr/6.3.0/avr5/libgcc.a(_copy_data.o)
 .text.libgcc.builtins
                0x0000000000001ed8        0x0 /usr/lib/gcc/avr/6.3.0/avr5/libgcc.a(_copy_data.o)
 .text.libgcc.fmul
                0x0000000000001ed8        0x0 /usr/lib/gcc/avr/6.3.0/avr5/libgcc.a(_copy_data.o)
 .text.libgcc.fixed
                0x0000000000001ed8        0x0 /usr/lib/gcc/avr/6.3.0/avr5/libgcc.a(_copy_data.o)
 .text.libgcc.mul
                0x0000000000001ed8        0x0 /usr/lib/gcc/avr/6.3.0/avr5/libgcc.a(_clear_bss.o)
 .text.libgcc.div
                0x0000000000001ed8        0x0 /usr/lib/gcc/avr/6.3.0/avr5/libgcc.a(_clear_bss.o)
 .text.libgcc   0x0000000000001ed8        0x0 /usr/lib/gcc/avr/6.3.0/avr5/libgcc.a(_clear_bss.o)
 .text.libgcc.prologue
                0x0000000000001ed8        0x0 /usr/lib/gcc/avr/6.3.0/avr5/libgcc.a(_clear_bss.o)
 .text.libgcc.builtins
                0x0000000000001ed8        0x0 /usr/lib/gcc/avr/6.3.0/avr5/libgcc.a(_clear_bss.o)
 .text.libgcc.fmul
                0x0000000000001ed8        0x0 /usr/lib/gcc/avr/6.3.0/avr5/libgcc.a(_clear_bss.o)
 .text.libgcc.fixed
                0x0000000000001ed8        0x0 /usr/lib/gcc/avr/6.3.0/avr5/libgcc.a(_clear_bss.o)
                0x0000000000001ed8                . = ALIGN (0x2)
 *(.fini9)
 .fini9         0x0000000000001ed8        0x0 /usr/lib/gcc/avr/6.3.0/avr5/libgcc.a(_exit.o)
                0x0000000000001ed8                exit
                0x0000000000001ed8                _exit
 *(.fini9)
 *(.fini8)
 *(.fini8)
 *(.fini7)
 *(.fini7)
 *(.fini6)
 *(.fini6)
 *(.fini5)
 *(.fini5)
 *(.fini4)
 *(.fini4)
 *(.fini3)
 *(.fini3)
 *(.fini2)
 *(.fini2)
 *(.fini1)
 *(.fini1)
 *(.fini0)
 .fini0         0x0000000000001ed8        0x4 /usr/lib/gcc/avr/6.3.0/avr5/libgcc.a(_exit.o)
 *(.fini0)
                0x0000000000001edc                _etext = .

.data           0x0000000000800100       0xac load address 0x0000000000001edc
                0x0000000000800100                PROVIDE (__data_start, .)
 *(.data)
 .data          0x0000000000800100        0x0 /usr/lib/gcc/avr/6.3.0/../../../../avr/lib/avr5/crtatmega168pb.o
 .data          0x0000000000800100        0x0 /tmp/cctW0gnZ.o
 .data          0x0000000000800100       0xac /tmp/ccrahNei.o
                0x0000000000800100                lfsr
                0x0000000000800102                freq_rs
                0x0000000000800157                freq_s
 .data          0x00000000008001ac        0x0 /usr/lib/gcc/avr/6.3.0/avr5/libgcc.a(_exit.o)
 .data          0x00000000008001ac        0x0 /usr/lib/gcc/avr/6.3.0/avr5/libgcc.a(_copy_data.o)
 .data          0x00000000008001ac        0x0 /usr/lib/gcc/avr/6.3.0/avr5/libgcc.a(_clear_bss.o)
 *(.data*)
 *(.rodata)
 *(.rodata*)
 *(.gnu.linkonce.d*)
                0x00000000008001ac                . = ALIGN (0x2)
                0x00000000008001ac                _edata = .
                0x00000000008001ac                PROVIDE (__data_end, .)

.bss            0x00000000008001ac       0x1e
                0x00000000008001ac                PROVIDE (__bss_start, .)
 *(.bss)
 .bss           0x00000000008001ac        0x0 /usr/lib/gcc/avr/6.3.0/../../../../avr/lib/avr5/crtatmega168pb.o
 .bss           0x00000000008001ac        0x0 /tmp/cctW0gnZ.o
 .bss           0x00000000008001ac        0xb /tmp/ccrahNei.o
                0x00000000008001ac                sampleCount
 .bss           0x00000000008001b7        0x0 /usr/lib/gcc/avr/6.3.0/avr5/libgcc.a(_exit.o)
 .bss           0x00000000008001b7        0x0 /usr/lib/gcc/avr/6.3.0/avr5/libgcc.a(_copy_data.o)
 .bss           0x00000000008001b7        0x0 /usr/lib/gcc/avr/6.3.0/avr5/libgcc.a(_clear_bss.o)
 *(.bss*)
 *(COMMON)
 COMMON         0x00000000008001b7        0x7 /tmp/cctW0gnZ.o
                0x00000000008001b7                fade_out
                0x00000000008001b9                mode_button
                0x00000000008001ba                speed_rec1
                0x00000000008001bb                fade_out_mode
                0x00000000008001bc                mode
                0x00000000008001bd                speed1
 COMMON         0x00000000008001be        0xc /tmp/ccrahNei.o
                0x00000000008001be                voiceptr
                0x00000000008001c0                speed_rec
                0x00000000008001c1                fade_in
                0x00000000008001c3                volume
                0x00000000008001c4                wave
                0x00000000008001c5                frametimer
                0x00000000008001c7                fade_in_mode
                0x00000000008001c8                speed
                0x00000000008001c9                volume1
                0x00000000008001ca                PROVIDE (__bss_end, .)
                0x0000000000001edc                __data_load_start = LOADADDR (.data)
                0x0000000000001f88                __data_load_end = (__data_load_start + SIZEOF (.data))

.noinit         0x00000000008001ca        0x0
                [!provide]                        PROVIDE (__noinit_start, .)
 *(.noinit*)
                [!provide]                        PROVIDE (__noinit_end, .)
                0x00000000008001ca                _end = .
                [!provide]                        PROVIDE (__heap_start, .)

.eeprom         0x0000000000810000        0x0
 *(.eeprom*)
                0x0000000000810000                __eeprom_end = .

.fuse
 *(.fuse)
 *(.lfuse)
 *(.hfuse)
 *(.efuse)

.lock
 *(.lock*)

.signature
 *(.signature*)

.stab           0x0000000000000000      0x204
 *(.stab)
 .stab          0x0000000000000000       0x78 /usr/lib/gcc/avr/6.3.0/avr5/libgcc.a(_exit.o)
 .stab          0x0000000000000078       0xd8 /usr/lib/gcc/avr/6.3.0/avr5/libgcc.a(_copy_data.o)
                                         0xe4 (size before relaxing)
 .stab          0x0000000000000150       0xb4 /usr/lib/gcc/avr/6.3.0/avr5/libgcc.a(_clear_bss.o)
                                         0xc0 (size before relaxing)

.stabstr        0x0000000000000000       0x9c
 *(.stabstr)
 .stabstr       0x0000000000000000       0x9c /usr/lib/gcc/avr/6.3.0/avr5/libgcc.a(_exit.o)

.stab.excl
 *(.stab.excl)

.stab.exclstr
 *(.stab.exclstr)

.stab.index
 *(.stab.index)

.stab.indexstr
 *(.stab.indexstr)

.comment        0x0000000000000000       0x21
 *(.comment)
 .comment       0x0000000000000000       0x21 /tmp/cctW0gnZ.o
                                         0x22 (size before relaxing)
 .comment       0x0000000000000021       0x22 /tmp/ccrahNei.o

.note.gnu.avr.deviceinfo
                0x0000000000000000       0x40
 .note.gnu.avr.deviceinfo
                0x0000000000000000       0x40 /usr/lib/gcc/avr/6.3.0/../../../../avr/lib/avr5/crtatmega168pb.o

.note.gnu.build-id
 *(.note.gnu.build-id)

.debug
 *(.debug)

.line
 *(.line)

.debug_srcinfo
 *(.debug_srcinfo)

.debug_sfnames
 *(.debug_sfnames)

.debug_aranges
 *(.debug_aranges)

.debug_pubnames
 *(.debug_pubnames)

.debug_info     0x0000000000000000      0x6f0
 *(.debug_info .gnu.linkonce.wi.*)
 .debug_info    0x0000000000000000      0x6f0 /usr/lib/gcc/avr/6.3.0/../../../../avr/lib/avr5/crtatmega168pb.o

.debug_abbrev   0x0000000000000000      0x690
 *(.debug_abbrev)
 .debug_abbrev  0x0000000000000000      0x690 /usr/lib/gcc/avr/6.3.0/../../../../avr/lib/avr5/crtatmega168pb.o

.debug_line     0x0000000000000000       0x1d
 *(.debug_line .debug_line.* .debug_line_end)
 .debug_line    0x0000000000000000       0x1d /usr/lib/gcc/avr/6.3.0/../../../../avr/lib/avr5/crtatmega168pb.o

.debug_frame
 *(.debug_frame)

.debug_str      0x0000000000000000      0x264
 *(.debug_str)
 .debug_str     0x0000000000000000      0x264 /usr/lib/gcc/avr/6.3.0/../../../../avr/lib/avr5/crtatmega168pb.o

.debug_loc
 *(.debug_loc)

.debug_macinfo
 *(.debug_macinfo)

.debug_weaknames
 *(.debug_weaknames)

.debug_funcnames
 *(.debug_funcnames)

.debug_typenames
 *(.debug_typenames)

.debug_varnames
 *(.debug_varnames)

.debug_pubtypes
 *(.debug_pubtypes)

.debug_ranges
 *(.debug_ranges)

.debug_macro
 *(.debug_macro)
OUTPUT(program.elf elf32-avr)
LOAD linker stubs
